lcd16x2.c:79:17:DWT_Delay_Init	4	static,ignoring_inline_asm
lcd16x2.c:105:22:DWT_Delay_us	24	static
lcd16x2.c:115:13:lcd16x2_enablePulse	8	static
lcd16x2.c:126:13:lcd16x2_rs	16	static
lcd16x2.c:134:13:lcd16x2_write	24	static
lcd16x2.c:171:13:lcd16x2_writeCommand	16	static
lcd16x2.c:180:13:lcd16x2_writeData	16	static
lcd16x2.c:189:13:lcd16x2_write4	16	static
lcd16x2.c:210:6:lcd16x2_init_8bits	24	static
lcd16x2.c:257:6:lcd16x2_init_4bits	24	static
lcd16x2.c:300:6:lcd16x2_setCursor	24	static
lcd16x2.c:318:6:lcd16x2_1stLine	8	static
lcd16x2.c:325:6:lcd16x2_2ndLine	8	static
lcd16x2.c:333:6:lcd16x2_twoLines	8	static
lcd16x2.c:338:6:lcd16x2_oneLine	8	static
lcd16x2.c:347:6:lcd16x2_cursorShow	16	static
lcd16x2.c:364:6:lcd16x2_clear	8	static
lcd16x2.c:373:6:lcd16x2_display	16	static
lcd16x2.c:390:6:lcd16x2_shiftRight	24	static
lcd16x2.c:401:6:lcd16x2_shiftLeft	24	static
lcd16x2.c:412:6:lcd16x2_printf	48	static
