10:31:39 **** Incremental Build of configuration Debug for project Blinky Label ****
make -j8 all 
arm-none-eabi-gcc "../Core/Src/main.c" -mcpu=cortex-m3 -std=gnu11 -g3 -DUSE_HAL_DRIVER -DSTM32F103xB -DDEBUG -c -I../Drivers/CMSIS/Device/ST/STM32F1xx/Include -I../Drivers/CMSIS/Include -I../Core/Inc -I../Drivers/STM32F1xx_HAL_Driver/Inc/Legacy -I../Drivers/STM32F1xx_HAL_Driver/Inc -O0 -ffunction-sections -fdata-sections -Wall -fstack-usage -MMD -MP -MF"Core/Src/main.d" -MT"Core/Src/main.o" --specs=nano.specs -mfloat-abi=soft -mthumb -o "Core/Src/main.o"
arm-none-eabi-gcc -o "Blinky Label.elf" @"objects.list"   -mcpu=cortex-m3 -T"/home/jerryl/Git/Github_Public/BluePill-Examples/Blinky Label/STM32F103C8TX_FLASH.ld" --specs=nosys.specs -Wl,-Map="Blinky Label.map" -Wl,--gc-sections -static --specs=nano.specs -mfloat-abi=soft -mthumb -Wl,--start-group -lc -lm -Wl,--end-group
Finished building target: Blinky Label.elf
 
arm-none-eabi-size   Blinky\ Label.elf 
arm-none-eabi-objdump -h -S  Blinky\ Label.elf  > "Blinky Label.list"
arm-none-eabi-objcopy  -O binary  Blinky\ Label.elf  "Blinky Label.bin"
   text	   data	    bss	    dec	    hex	filename
   4612	     20	   1572	   6204	   183c	Blinky Label.elf
Finished building: default.size.stdout
 
Finished building: Blinky Label.bin
 
Finished building: Blinky Label.list
 
10:31:55 **** Incremental Build of configuration Debug for project Blinky Label ****
make -j8 all 
arm-none-eabi-size   Blinky\ Label.elf 
   text	   data	    bss	    dec	    hex	filename
   4612	     20	   1572	   6204	   183c	Blinky Label.elf
Finished building: default.size.stdout
 
